// Vitest Snapshot v1, https://vitest.dev/guide/snapshot.html

exports[`components/header.vue > renders correctly 1`] = `
"<header data-v-5be51a94="" class="siimple-navbar siimple-navbar--navy siimple-navbar--medium">
  <div data-v-5be51a94="" class="siimple-layout--left"><a data-v-5be51a94="" href="/" class="siimple-navbar-title"><img data-v-5be51a94="" src="/assets/images/logo_white.svg"></a></div>
  <div data-v-5be51a94="" class="siimple-layout--right bars"><a data-v-5be51a94="" class="siimple-navbar-link"><i data-v-5be51a94="" class="fas fa-bars"></i></a></div>
  <div data-v-5be51a94="" id="menus" class="siimple-layout--right menus"><a data-v-5be51a94="" href="/faq" class="siimple-navbar-link">よくあるご質問</a><a data-v-5be51a94="" href="/staff" class="siimple-navbar-link">実行委員会</a><a data-v-5be51a94="" href="/sponsor" class="siimple-navbar-link">スポンサー</a></div>
</header>"
`;
