// Vitest Snapshot v1, https://vitest.dev/guide/snapshot.html

exports[`pages/past.vue > renders correctly 1`] = `
"<div data-v-925596de="">
  <header data-v-5be51a94="" data-v-925596de="" class="siimple-navbar siimple-navbar--navy siimple-navbar--medium">
    <div data-v-5be51a94="" class="siimple-layout--left"><a data-v-5be51a94="" href="/" class="siimple-navbar-title"><img data-v-5be51a94="" src="/assets/images/logo_white.svg"></a></div>
    <div data-v-5be51a94="" class="siimple-layout--right bars"><a data-v-5be51a94="" class="siimple-navbar-link"><i data-v-5be51a94="" class="fas fa-bars"></i></a></div>
    <div data-v-5be51a94="" id="menus" class="siimple-layout--right menus"><a data-v-5be51a94="" href="/faq" class="siimple-navbar-link">よくあるご質問</a><a data-v-5be51a94="" href="/timetable" class="siimple-navbar-link">タイムテーブル</a><a data-v-5be51a94="" href="/staff" class="siimple-navbar-link">実行委員会</a><a data-v-5be51a94="" href="/past" class="siimple-navbar-link">過去の開催実績</a></div>
  </header>
  <div data-v-925596de="" class="siimple-content siimple-content--medium siimple--mt-5">
    <div data-v-925596de="" class="siimple-box page-title">
      <div data-v-925596de="" class="siimple-box-title"><i data-v-925596de="" class="fas fa-history"></i> 過去の開催実績</div>
    </div>
    <div data-v-925596de="" class="past"><a data-v-925596de="" href="../2024/index.html">
        <div data-v-925596de="" style="background-image: url(&quot;../2024/images/top.png&quot;);" class="siimple-box siimple-box--navy past_bg">
          <div data-v-925596de="" class="siimple-box-title">2024</div>
          <div data-v-925596de="" class="siimple-box-subtitle">【テーマA】&nbsp;</div>
        </div>
      </a><a data-v-925596de="" href="../2020/index.html">
        <div data-v-925596de="" style="background-image: url(&quot;../2020/images/top.jpg&quot;);" class="siimple-box siimple-box--navy past_bg">
          <div data-v-925596de="" class="siimple-box-title">2020</div>
          <div data-v-925596de="" class="siimple-box-subtitle">【テーマB】&nbsp;</div>
        </div>
      </a><a data-v-925596de="" href="../2010/index.html">
        <div data-v-925596de="" style="background-image: none;" class="siimple-box siimple-box--navy past_bg">
          <div data-v-925596de="" class="siimple-box-title">2010</div>
          <div data-v-925596de="" class="siimple-box-subtitle">&nbsp;</div>
        </div>
      </a></div>
  </div>
  <footer data-v-45a0dde9="" data-v-925596de="" class="siimple-footer siimple-footer--navy"> オープンセミナー岡山実行委員会 </footer>
</div>"
`;
