// Vitest Snapshot v1, https://vitest.dev/guide/snapshot.html

exports[`pages/timetable.vue > renders correctly 1`] = `
"<div data-v-86d62777="">
  <header data-v-5be51a94="" data-v-86d62777="" class="siimple-navbar siimple-navbar--navy siimple-navbar--medium">
    <div data-v-5be51a94="" class="siimple-layout--left"><a data-v-5be51a94="" href="/" class="siimple-navbar-title"><img data-v-5be51a94="" src="/assets/images/logo_white.svg"></a></div>
    <div data-v-5be51a94="" class="siimple-layout--right bars"><a data-v-5be51a94="" class="siimple-navbar-link"><i data-v-5be51a94="" class="fas fa-bars"></i></a></div>
    <div data-v-5be51a94="" id="menus" class="siimple-layout--right menus"><a data-v-5be51a94="" href="/faq" class="siimple-navbar-link">よくあるご質問</a><a data-v-5be51a94="" href="/timetable" class="siimple-navbar-link">タイムテーブル</a><a data-v-5be51a94="" href="/staff" class="siimple-navbar-link">実行委員会</a><a data-v-5be51a94="" href="/sponsor" class="siimple-navbar-link">スポンサー</a><a data-v-5be51a94="" href="/past" class="siimple-navbar-link">過去の開催実績</a></div>
  </header>
  <div data-v-86d62777="" class="siimple-content siimple-content--medium siimple--mt-5">
    <div data-v-86d62777="" class="siimple-box page-title">
      <div data-v-86d62777="" class="siimple-box-title"><i data-v-86d62777="" class="far fa-clock"></i> タイムテーブル</div>
    </div>
    <table data-v-86d62777="" class="siimple-table siimple-table--border">
      <tbody data-v-86d62777="" class="siimple-table-body">
        <tr data-v-86d62777="" class="siimple-table-row">
          <td data-v-86d62777="" class="siimple-table-cell">10:00 - 10:10</td>
          <td data-v-86d62777="" class="siimple-table-cell">&nbsp;</td>
          <td data-v-86d62777="" class="siimple-table-cell">オープニング</td>
        </tr>
        <tr data-v-86d62777="" class="siimple-table-row session">
          <td data-v-86d62777="" class="siimple-table-cell">10:10 - 10:50</td>
          <td data-v-86d62777="" class="siimple-table-cell">40分</td>
          <td data-v-86d62777="" class="siimple-table-cell hover"><span data-v-86d62777="">aknow タイトル</span><br data-v-86d62777="">a-know</td>
        </tr>
        <tr data-v-86d62777="" class="siimple-table-row">
          <td data-v-86d62777="" class="siimple-table-cell">10:50 - 10:55</td>
          <td data-v-86d62777="" class="siimple-table-cell">&nbsp;</td>
          <td data-v-86d62777="" class="siimple-table-cell">質疑応答</td>
        </tr>
        <tr data-v-86d62777="" class="siimple-table-row">
          <td data-v-86d62777="" class="siimple-table-cell">10:55 - 11:05</td>
          <td data-v-86d62777="" class="siimple-table-cell">&nbsp;</td>
          <td data-v-86d62777="" class="siimple-table-cell">休憩</td>
        </tr>
        <tr data-v-86d62777="" class="siimple-table-row session">
          <td data-v-86d62777="" class="siimple-table-cell">11:05 - 11:45</td>
          <td data-v-86d62777="" class="siimple-table-cell">40分</td>
          <td data-v-86d62777="" class="siimple-table-cell hover"><span data-v-86d62777="">hsjoihs タイトル</span><br data-v-86d62777="">佐藤 弘崇</td>
        </tr>
        <tr data-v-86d62777="" class="siimple-table-row">
          <td data-v-86d62777="" class="siimple-table-cell">11:45 - 11:50</td>
          <td data-v-86d62777="" class="siimple-table-cell">&nbsp;</td>
          <td data-v-86d62777="" class="siimple-table-cell">質疑応答</td>
        </tr>
        <tr data-v-86d62777="" class="siimple-table-row">
          <td data-v-86d62777="" class="siimple-table-cell">11:50 - 12:45</td>
          <td data-v-86d62777="" class="siimple-table-cell">&nbsp;</td>
          <td data-v-86d62777="" class="siimple-table-cell">昼休憩</td>
        </tr>
        <tr data-v-86d62777="" class="siimple-table-row">
          <td data-v-86d62777="" class="siimple-table-cell">12:45 - 12:55</td>
          <td data-v-86d62777="" class="siimple-table-cell">10分</td>
          <td data-v-86d62777="" class="siimple-table-cell"> スポンサーセッション セリオ株式会社<br data-v-86d62777="">
            <!--v-if-->
          </td>
        </tr>
        <tr data-v-86d62777="" class="siimple-table-row">
          <td data-v-86d62777="" class="siimple-table-cell">12:55 - 13:00</td>
          <td data-v-86d62777="" class="siimple-table-cell">&nbsp;</td>
          <td data-v-86d62777="" class="siimple-table-cell">幕間</td>
        </tr>
        <tr data-v-86d62777="" class="siimple-table-row session">
          <td data-v-86d62777="" class="siimple-table-cell">13:00 - 13:40</td>
          <td data-v-86d62777="" class="siimple-table-cell">40分</td>
          <td data-v-86d62777="" class="siimple-table-cell hover"><span data-v-86d62777="">koba789 タイトル</span><br data-v-86d62777="">KOBA789</td>
        </tr>
        <tr data-v-86d62777="" class="siimple-table-row">
          <td data-v-86d62777="" class="siimple-table-cell">13:40 - 13:45</td>
          <td data-v-86d62777="" class="siimple-table-cell">&nbsp;</td>
          <td data-v-86d62777="" class="siimple-table-cell">質疑応答</td>
        </tr>
        <tr data-v-86d62777="" class="siimple-table-row">
          <td data-v-86d62777="" class="siimple-table-cell">13:45 - 14:00</td>
          <td data-v-86d62777="" class="siimple-table-cell">&nbsp;</td>
          <td data-v-86d62777="" class="siimple-table-cell">休憩</td>
        </tr>
        <tr data-v-86d62777="" class="siimple-table-row">
          <td data-v-86d62777="" class="siimple-table-cell">14:00 - 14:10</td>
          <td data-v-86d62777="" class="siimple-table-cell">10分</td>
          <td data-v-86d62777="" class="siimple-table-cell"> スポンサーセッション 株式会社PSC<br data-v-86d62777=""><span data-v-86d62777=""><span data-v-86d62777="">psc タイトル</span><br data-v-86d62777="">psc スピーカー</span></td>
        </tr>
        <tr data-v-86d62777="" class="siimple-table-row">
          <td data-v-86d62777="" class="siimple-table-cell">14:10 - 14:15</td>
          <td data-v-86d62777="" class="siimple-table-cell">&nbsp;</td>
          <td data-v-86d62777="" class="siimple-table-cell">幕間</td>
        </tr>
        <tr data-v-86d62777="" class="siimple-table-row session">
          <td data-v-86d62777="" class="siimple-table-cell">14:15 - 14:55</td>
          <td data-v-86d62777="" class="siimple-table-cell">40分</td>
          <td data-v-86d62777="" class="siimple-table-cell hover"><span data-v-86d62777="">majima タイトル</span><br data-v-86d62777="">間嶋 沙知</td>
        </tr>
        <tr data-v-86d62777="" class="siimple-table-row">
          <td data-v-86d62777="" class="siimple-table-cell">14:55 - 15:00</td>
          <td data-v-86d62777="" class="siimple-table-cell">&nbsp;</td>
          <td data-v-86d62777="" class="siimple-table-cell">質疑応答</td>
        </tr>
        <tr data-v-86d62777="" class="siimple-table-row">
          <td data-v-86d62777="" class="siimple-table-cell">15:00 - 15:15</td>
          <td data-v-86d62777="" class="siimple-table-cell">&nbsp;</td>
          <td data-v-86d62777="" class="siimple-table-cell">休憩</td>
        </tr>
        <tr data-v-86d62777="" class="siimple-table-row">
          <td data-v-86d62777="" class="siimple-table-cell">15:15 - 15:25</td>
          <td data-v-86d62777="" class="siimple-table-cell">10分</td>
          <td data-v-86d62777="" class="siimple-table-cell"> スポンサーセッション 株式会社サブスレッド<br data-v-86d62777="">
            <!--v-if-->
          </td>
        </tr>
        <tr data-v-86d62777="" class="siimple-table-row">
          <td data-v-86d62777="" class="siimple-table-cell">15:25 - 15:30</td>
          <td data-v-86d62777="" class="siimple-table-cell">&nbsp;</td>
          <td data-v-86d62777="" class="siimple-table-cell">幕間</td>
        </tr>
        <tr data-v-86d62777="" class="siimple-table-row session">
          <td data-v-86d62777="" class="siimple-table-cell">15:30 - 16:10</td>
          <td data-v-86d62777="" class="siimple-table-cell">40分</td>
          <td data-v-86d62777="" class="siimple-table-cell hover"><span data-v-86d62777="">kiryu タイトル</span><br data-v-86d62777="">桐生 あんず</td>
        </tr>
        <tr data-v-86d62777="" class="siimple-table-row">
          <td data-v-86d62777="" class="siimple-table-cell">16:10 - 16:15</td>
          <td data-v-86d62777="" class="siimple-table-cell">&nbsp;</td>
          <td data-v-86d62777="" class="siimple-table-cell">質疑応答</td>
        </tr>
        <tr data-v-86d62777="" class="siimple-table-row">
          <td data-v-86d62777="" class="siimple-table-cell">16:15 - 16:30</td>
          <td data-v-86d62777="" class="siimple-table-cell">&nbsp;</td>
          <td data-v-86d62777="" class="siimple-table-cell">休憩</td>
        </tr>
        <tr data-v-86d62777="" class="siimple-table-row">
          <td data-v-86d62777="" class="siimple-table-cell">16:30 - 16:40</td>
          <td data-v-86d62777="" class="siimple-table-cell">10分</td>
          <td data-v-86d62777="" class="siimple-table-cell"> スポンサーセッション 株式会社ジョブドラフト<br data-v-86d62777="">
            <!--v-if-->
          </td>
        </tr>
        <tr data-v-86d62777="" class="siimple-table-row">
          <td data-v-86d62777="" class="siimple-table-cell">16:40 - 16:45</td>
          <td data-v-86d62777="" class="siimple-table-cell">&nbsp;</td>
          <td data-v-86d62777="" class="siimple-table-cell">幕間</td>
        </tr>
        <tr data-v-86d62777="" class="siimple-table-row session">
          <td data-v-86d62777="" class="siimple-table-cell">16:45 - 17:25</td>
          <td data-v-86d62777="" class="siimple-table-cell">40分</td>
          <td data-v-86d62777="" class="siimple-table-cell hover"><span data-v-86d62777="">kyoro タイトル</span><br data-v-86d62777="">きょろ</td>
        </tr>
        <tr data-v-86d62777="" class="siimple-table-row">
          <td data-v-86d62777="" class="siimple-table-cell">17:25 - 17:30</td>
          <td data-v-86d62777="" class="siimple-table-cell">&nbsp;</td>
          <td data-v-86d62777="" class="siimple-table-cell">質疑応答</td>
        </tr>
        <tr data-v-86d62777="" class="siimple-table-row">
          <td data-v-86d62777="" class="siimple-table-cell">17:30 - 17:45</td>
          <td data-v-86d62777="" class="siimple-table-cell">&nbsp;</td>
          <td data-v-86d62777="" class="siimple-table-cell">クロージング</td>
        </tr>
      </tbody>
    </table>
  </div>
  <footer data-v-45a0dde9="" data-v-86d62777="" class="siimple-footer siimple-footer--navy"> オープンセミナー岡山実行委員会 </footer>
</div>"
`;
